[[0;37mINFO[m] devpinoyLogger: starting --> the_user_is_on_fourstay_home_page
[[0;37mINFO[m] devpinoyLogger: ending --> the_user_is_on_fourstay_home_page
[[0;37mINFO[m] devpinoyLogger: starting --> user_clicks_on_message_icon
[[0;37mINFO[m] devpinoyLogger: ending --> user_clicks_on_message_icon
[[0;37mINFO[m] devpinoyLogger: starting --> conversation_box_opens
[[0;37mINFO[m] devpinoyLogger: ending --> conversation_box_opens
